// Jest Snapshot v1, https://goo.gl/fbAQLP

exports[`<SignUp /> should render the signup component 1`] = `ShallowWrapper {}`;
