// Jest Snapshot v1, https://goo.gl/fbAQLP

exports[`<NavBar /> should render the app component 1`] = `ShallowWrapper {}`;
